// Jest Snapshot v1, https://goo.gl/fbAQLP

exports[`ForgotPasswordPage should render correctly (snapshot) 1`] = `
<View
  onLayout={[Function]}
  style={
    [
      [
        {
          "flexBasis": "0%",
          "flexGrow": 1,
          "flexShrink": 1,
        },
        {
          "backgroundColor": "#1d4ed8",
        },
      ],
      {
        "paddingBottom": 0,
      },
    ]
  }
>
  <View
    style={
      [
        {
          "flexBasis": "0%",
          "flexGrow": 1,
          "flexShrink": 1,
        },
        {
          "justifyContent": "center",
        },
        {
          "alignItems": "center",
        },
        {
          "paddingBottom": 16,
          "paddingLeft": 16,
          "paddingRight": 16,
          "paddingTop": 16,
        },
      ]
    }
  >
    <View
      accessibilityState={
        {
          "busy": undefined,
          "checked": undefined,
          "disabled": undefined,
          "expanded": undefined,
          "selected": undefined,
        }
      }
      accessibilityValue={
        {
          "max": undefined,
          "min": undefined,
          "now": undefined,
          "text": undefined,
        }
      }
      accessible={true}
      collapsable={false}
      focusable={true}
      onClick={[Function]}
      onResponderGrant={[Function]}
      onResponderMove={[Function]}
      onResponderRelease={[Function]}
      onResponderTerminate={[Function]}
      onResponderTerminationRequest={[Function]}
      onStartShouldSetResponder={[Function]}
      style={
        {
          "alignItems": "center",
          "backgroundColor": "#e5e7eb",
          "borderBottomLeftRadius": 9999,
          "borderBottomRightRadius": 9999,
          "borderTopLeftRadius": 9999,
          "borderTopRightRadius": 9999,
          "flexDirection": "row",
          "left": 16,
          "opacity": 1,
          "paddingBottom": 4,
          "paddingLeft": 12,
          "paddingRight": 12,
          "paddingTop": 4,
          "position": "absolute",
          "top": 40,
        }
      }
    >
      <Text
        allowFontScaling={false}
        selectable={false}
        style={
          [
            {
              "color": "#333",
              "fontSize": 16,
            },
            undefined,
            {
              "fontFamily": "Material Design Icons",
              "fontStyle": "normal",
              "fontWeight": "normal",
            },
            {},
          ]
        }
      >
        󰁍
      </Text>
      <Text
        style={
          [
            {
              "marginLeft": 4,
            },
            {
              "color": "#1f2937",
            },
            {
              "fontWeight": "700",
            },
            {
              "fontSize": 14,
              "lineHeight": 20,
            },
          ]
        }
      >
        Back
      </Text>
    </View>
    <Text
      style={
        [
          {
            "fontSize": 30,
            "lineHeight": 36,
          },
          {
            "fontWeight": "700",
          },
          {
            "color": "#fff",
          },
          {
            "marginBottom": 16,
          },
        ]
      }
    >
      Reset Password
    </Text>
    <Text
      style={
        [
          {
            "fontSize": 18,
            "lineHeight": 28,
          },
          {
            "color": "#d1d5db",
          },
          {
            "marginBottom": 24,
          },
        ]
      }
    >
      Enter your email to receive a verification code.
    </Text>
    <View
      style={
        [
          {
            "flexDirection": "row",
          },
          {
            "alignItems": "center",
          },
          {
            "width": "100%",
          },
          {
            "paddingLeft": 16,
            "paddingRight": 16,
          },
          {
            "paddingBottom": 12,
            "paddingTop": 12,
          },
          {
            "borderBottomWidth": 1,
            "borderLeftWidth": 1,
            "borderRightWidth": 1,
            "borderTopWidth": 1,
          },
          {
            "borderBottomColor": "#d1d5db",
            "borderLeftColor": "#d1d5db",
            "borderRightColor": "#d1d5db",
            "borderTopColor": "#d1d5db",
          },
          {
            "borderBottomLeftRadius": 6,
            "borderBottomRightRadius": 6,
            "borderTopLeftRadius": 6,
            "borderTopRightRadius": 6,
          },
          {
            "backgroundColor": "#fff",
          },
          {
            "marginBottom": 12,
          },
        ]
      }
    >
      <Text
        allowFontScaling={false}
        selectable={false}
        style={
          [
            {
              "color": "#aaa",
              "fontSize": 20,
            },
            {
              "marginRight": 8,
            },
            {
              "fontFamily": "Material Design Icons",
              "fontStyle": "normal",
              "fontWeight": "normal",
            },
            {},
          ]
        }
      >
        󰇮
      </Text>
      <TextInput
        keyboardType="email-address"
        onChangeText={[Function]}
        placeholder="Email"
        placeholderTextColor="#aaa"
        secureTextEntry={false}
        style={
          [
            {
              "flexBasis": "0%",
              "flexGrow": 1,
              "flexShrink": 1,
            },
            {
              "color": "#1f2937",
            },
            {
              "fontSize": 16,
              "lineHeight": 24,
            },
            {
              "height": 48,
            },
            {
              "lineHeight": 24,
            },
          ]
        }
        value=""
      />
    </View>
    <View
      accessibilityState={
        {
          "busy": undefined,
          "checked": undefined,
          "disabled": false,
          "expanded": undefined,
          "selected": undefined,
        }
      }
      accessibilityValue={
        {
          "max": undefined,
          "min": undefined,
          "now": undefined,
          "text": undefined,
        }
      }
      accessible={true}
      collapsable={false}
      focusable={true}
      onClick={[Function]}
      onResponderGrant={[Function]}
      onResponderMove={[Function]}
      onResponderRelease={[Function]}
      onResponderTerminate={[Function]}
      onResponderTerminationRequest={[Function]}
      onStartShouldSetResponder={[Function]}
      style={
        {
          "backgroundColor": "#2563eb",
          "borderBottomLeftRadius": 8,
          "borderBottomRightRadius": 8,
          "borderTopLeftRadius": 8,
          "borderTopRightRadius": 8,
          "opacity": 1,
          "paddingBottom": 16,
          "paddingTop": 16,
          "width": "100%",
        }
      }
    >
      <Text
        style={
          [
            {
              "textAlign": "center",
            },
            {
              "color": "#fff",
            },
            {
              "fontSize": 18,
              "lineHeight": 28,
            },
            {
              "fontWeight": "700",
            },
          ]
        }
      >
        Send Verification Code
      </Text>
    </View>
  </View>
</View>
`;
